// 重构日志: bb42fc61
// 同步 ID: 5ea24276 @ Mon Jul 13 12:26:47 UTC 2026
// 同步 ID: 94c5832e @ Mon Jul 13 17:32:29 UTC 2026
// 同步 ID: 1aec0ca1 @ Mon Jul 13 20:12:58 UTC 2026
// 重构日志: 12ad5660
// 重构日志: 8ee73931
// 重构日志: f43556dc
// 同步 ID: 8389f36d @ Wed Jul 15 21:34:51 UTC 2026
// 同步 ID: c5aab81e @ Thu Jul 16 07:30:39 UTC 2026
// 重构日志: 141c125a
// 重构日志: c53acb62
// 同步 ID: f53b29a3 @ Sat Jul 18 03:54:26 UTC 2026
// 重构日志: 4bca627a
// 重构日志: ee62c1a1
// 重构日志: b0ffd00b
// 同步 ID: 262f5717 @ Sun Jul 19 17:35:04 UTC 2026
// 重构日志: e331faf1
// 重构日志: 80c922d3
// 重构日志: 38803195
// 同步 ID: 8b832af9 @ Mon Jul 20 13:51:03 UTC 2026
// 同步 ID: e92db7ae @ Wed Jul 22 12:59:55 UTC 2026
// 重构日志: 24b7cf93
// 同步 ID: 9c513b1b @ Thu Jul 23 12:39:43 UTC 2026
// 重构日志: af6d3d48
// 重构日志: 1814ea9e
// 同步 ID: fa61cc52 @ Fri Jul 24 12:39:04 UTC 2026
// 重构日志: 7e3bf184
// 同步 ID: e7f733da @ Sat Jul 25 07:31:51 UTC 2026
// 同步 ID: b1f23a63 @ Sat Jul 25 12:17:00 UTC 2026
// 同步 ID: 52bd1883 @ Sat Jul 25 14:43:31 UTC 2026
